#
# There is insufficient memory for the Java Runtime Environment to continue.
# Native memory allocation (malloc) failed to allocate 1236976 bytes. Error detail: Chunk::new
# Possible reasons:
#   The system is out of physical RAM or swap space
#   This process is running with CompressedOops enabled, and the Java Heap may be blocking the growth of the native heap
# Possible solutions:
#   Reduce memory load on the system
#   Increase physical memory or swap space
#   Check if swap backing store is full
#   Decrease Java heap size (-Xmx/-Xms)
#   Decrease number of Java threads
#   Decrease Java thread stack sizes (-Xss)
#   Set larger code cache with -XX:ReservedCodeCacheSize=
#   JVM is running with Unscaled Compressed Oops mode in which the Java heap is
#     placed in the first 4GB address space. The Java Heap base address is the
#     maximum limit for the native heap growth. Please use -XX:HeapBaseMinAddress
#     to set the Java Heap base and to place the Java Heap above 4GB virtual address.
# This output file may be truncated or incomplete.
#
#  Out of Memory Error (arena.cpp:191), pid=34872, tid=1856
#
# JRE version: OpenJDK Runtime Environment Temurin-17.0.20+8 (17.0.20+8) (build 17.0.20+8)
# Java VM: OpenJDK 64-Bit Server VM Temurin-17.0.20+8 (17.0.20+8, mixed mode, sharing, tiered, compressed oops, compressed class ptrs, g1 gc, windows-amd64)
# No core dump will be written. Minidumps are not enabled by default on client versions of Windows
#

---------------  S U M M A R Y ------------

Command Line: --enable-native-access=ALL-UNNAMED -Dclassworlds.conf=C:\Maven\apache-maven-3.9.16\bin\m2.conf -Dmaven.home=C:\Maven\apache-maven-3.9.16 -Dlibrary.jansi.path=C:\Maven\apache-maven-3.9.16\lib\jansi-native -Dmaven.multiModuleProjectDirectory=C:\Users\dhruv\OneDrive\Desktop\Devops-Lab-L1_2023-27\23070122091_DhruvGangurde\Project5\retail-app org.codehaus.plexus.classworlds.launcher.Launcher clean package

Host: 11th Gen Intel(R) Core(TM) i5-1135G7 @ 2.40GHz, 8 cores, 7G,  Windows 11 , 64 bit Build 26100 (10.0.26100.9168)
Time: Mon Aug 31 19:21:16 2026 India Standard Time elapsed time: 245.934745 seconds (0d 0h 4m 5s)

---------------  T H R E A D  ---------------

Current thread (0x000002c24ef08550):  JavaThread "C2 CompilerThread1" daemon [_thread_in_native, id=1856, stack(0x000000ef8ff00000,0x000000ef90000000)]


Current CompileTask:
C2:245934 6566       4       org.eclipse.aether.util.graph.transformer.ConflictResolver::gatherConflictItems (111 bytes)

Stack: [0x000000ef8ff00000,0x000000ef90000000]
Native frames: (J=compiled Java code, j=interpreted, Vv=VM code, C=native code)
V  [jvm.dll+0x684d39]
V  [jvm.dll+0x83a565]
V  [jvm.dll+0x83bfde]
V  [jvm.dll+0x83c663]
V  [jvm.dll+0x2490cf]
V  [jvm.dll+0xad536]
V  [jvm.dll+0xadbdc]
V  [jvm.dll+0x368d6f]
V  [jvm.dll+0x333215]
V  [jvm.dll+0x33267a]
V  [jvm.dll+0x219ed9]
V  [jvm.dll+0x21931f]
V  [jvm.dll+0x1a49e0]
V  [jvm.dll+0x229a6a]
V  [jvm.dll+0x227c1b]
V  [jvm.dll+0x7f0d18]
V  [jvm.dll+0x7eb17c]
V  [jvm.dll+0x683c07]
C  [ucrtbase.dll+0x2cd30]
C  [KERNEL32.DLL+0x2ccb7]
C  [ntdll.dll+0xaad6c]


---------------  P R O C E S S  ---------------

Threads class SMR info:
_java_thread_list=0x000002c24e3c9a90, length=14, elements={
0x000002c2674e0c40, 0x000002c207521ab0, 0x000002c207524390, 0x000002c20753cd00,
0x000002c20753d5d0, 0x000002c20753dea0, 0x000002c20753e770, 0x000002c207540380,
0x000002c207542ca0, 0x000002c2075435b0, 0x000002c207698850, 0x000002c20769e5e0,
0x000002c24d212020, 0x000002c24ef08550
}

Java Threads: ( => current thread )
  0x000002c2674e0c40 JavaThread "main" [_thread_in_native, id=21708, stack(0x000000ef90000000,0x000000ef90100000)]
  0x000002c207521ab0 JavaThread "Reference Handler" daemon [_thread_blocked, id=35372, stack(0x000000ef90700000,0x000000ef90800000)]
  0x000002c207524390 JavaThread "Finalizer" daemon [_thread_blocked, id=30216, stack(0x000000ef90800000,0x000000ef90900000)]
  0x000002c20753cd00 JavaThread "Signal Dispatcher" daemon [_thread_blocked, id=36224, stack(0x000000ef90900000,0x000000ef90a00000)]
  0x000002c20753d5d0 JavaThread "Attach Listener" daemon [_thread_blocked, id=14828, stack(0x000000ef90a00000,0x000000ef90b00000)]
  0x000002c20753dea0 JavaThread "Service Thread" daemon [_thread_blocked, id=6692, stack(0x000000ef90b00000,0x000000ef90c00000)]
  0x000002c20753e770 JavaThread "Monitor Deflation Thread" daemon [_thread_blocked, id=29604, stack(0x000000ef90c00000,0x000000ef90d00000)]
  0x000002c207540380 JavaThread "C2 CompilerThread0" daemon [_thread_blocked, id=24952, stack(0x000000ef90d00000,0x000000ef90e00000)]
  0x000002c207542ca0 JavaThread "C1 CompilerThread0" daemon [_thread_blocked, id=18940, stack(0x000000ef90e00000,0x000000ef90f00000)]
  0x000002c2075435b0 JavaThread "Sweeper thread" daemon [_thread_blocked, id=10716, stack(0x000000ef90f00000,0x000000ef91000000)]
  0x000002c207698850 JavaThread "Notification Thread" daemon [_thread_blocked, id=8900, stack(0x000000ef91000000,0x000000ef91100000)]
  0x000002c20769e5e0 JavaThread "Common-Cleaner" daemon [_thread_blocked, id=34176, stack(0x000000ef91200000,0x000000ef91300000)]
  0x000002c24d212020 JavaThread "Thread-1" daemon [_thread_blocked, id=26772, stack(0x000000ef91a00000,0x000000ef91b00000)]
=>0x000002c24ef08550 JavaThread "C2 CompilerThread1" daemon [_thread_in_native, id=1856, stack(0x000000ef8ff00000,0x000000ef90000000)]

Other Threads:
  0x000002c20751dd30 VMThread "VM Thread" [stack: 0x000000ef90600000,0x000000ef90700000] [id=5392]
  0x000002c20769d560 WatcherThread [stack: 0x000000ef91100000,0x000000ef91200000] [id=31552]
  0x000002c26753d1f0 GCTaskThread "GC Thread#0" [stack: 0x000000ef90100000,0x000000ef90200000] [id=35676]
  0x000002c2075a0c90 GCTaskThread "GC Thread#1" [stack: 0x000000ef91300000,0x000000ef91400000] [id=37944]
  0x000002c24d1fd470 GCTaskThread "GC Thread#2" [stack: 0x000000ef91400000,0x000000ef91500000] [id=3272]
  0x000002c24d656770 GCTaskThread "GC Thread#3" [stack: 0x000000ef91500000,0x000000ef91600000] [id=20424]
  0x000002c24d656a30 GCTaskThread "GC Thread#4" [stack: 0x000000ef91600000,0x000000ef91700000] [id=9188]
  0x000002c24d56e6d0 GCTaskThread "GC Thread#5" [stack: 0x000000ef91700000,0x000000ef91800000] [id=10384]
  0x000002c24d56e990 GCTaskThread "GC Thread#6" [stack: 0x000000ef91800000,0x000000ef91900000] [id=30856]
  0x000002c24d68f8e0 GCTaskThread "GC Thread#7" [stack: 0x000000ef91900000,0x000000ef91a00000] [id=37040]
  0x000002c26754d8c0 ConcurrentGCThread "G1 Main Marker" [stack: 0x000000ef90200000,0x000000ef90300000] [id=35588]
  0x000002c26754e2e0 ConcurrentGCThread "G1 Conc#0" [stack: 0x000000ef90300000,0x000000ef90400000] [id=5236]
  0x000002c24e76bbb0 ConcurrentGCThread "G1 Conc#1" [stack: 0x000000ef8fe00000,0x000000ef8ff00000] [id=25564]
  0x000002c206c66790 ConcurrentGCThread "G1 Refine#0" [stack: 0x000000ef90400000,0x000000ef90500000] [id=31796]
  0x000002c24ed0bec0 ConcurrentGCThread "G1 Refine#1" [stack: 0x000000ef8fd00000,0x000000ef8fe00000] [id=18048]
  0x000002c206c69e90 ConcurrentGCThread "G1 Service" [stack: 0x000000ef90500000,0x000000ef90600000] [id=27768]

Threads with active compile tasks:
C2 CompilerThread1  246040 6566       4       org.eclipse.aether.util.graph.transformer.ConflictResolver::gatherConflictItems (111 bytes)

VM state: not at safepoint (normal execution)

VM Mutex/Monitor currently owned by a thread: None

Heap address: 0x0000000084400000, size: 1980 MB, Compressed Oops mode: 32-bit

CDS archive(s) mapped at: [0x000002c208000000-0x000002c208bb0000-0x000002c208bb0000), size 12255232, SharedBaseAddress: 0x000002c208000000, ArchiveRelocationMode: 1.
Compressed class space mapped at: 0x000002c209000000-0x000002c249000000, reserved size: 1073741824
Narrow klass base: 0x000002c208000000, Narrow klass shift: 0, Narrow klass range: 0x100000000

GC Precious Log:
 CPUs: 8 total, 8 available
 Memory: 7914M
 Large Page Support: Disabled
 NUMA Support: Disabled
 Compressed Oops: Enabled (32-bit)
 Heap Region Size: 1M
 Heap Min Capacity: 8M
 Heap Initial Capacity: 124M
 Heap Max Capacity: 1980M
 Pre-touch: Disabled
 Parallel Workers: 8
 Concurrent Workers: 2
 Concurrent Refinement Workers: 8
 Periodic GC: Disabled

Heap:
 garbage-first heap   total 104448K, used 40158K [0x0000000084400000, 0x0000000100000000)
  region size 1024K, 11 young (11264K), 4 survivors (4096K)
 Metaspace       used 32227K, committed 32704K, reserved 1114112K
  class space    used 3806K, committed 4032K, reserved 1048576K

Heap Regions: E=young(eden), S=young(survivor), O=old, HS=humongous(starts), HC=humongous(continues), CS=collection set, F=free, OA=open archive, CA=closed archive, TAMS=top-at-mark-start (previous, next)
|   0|0x0000000084400000, 0x0000000084500000, 0x0000000084500000|100%| O|  |TAMS 0x0000000084500000, 0x0000000084400000| Untracked 
|   1|0x0000000084500000, 0x0000000084600000, 0x0000000084600000|100%| O|  |TAMS 0x0000000084600000, 0x0000000084500000| Untracked 
|   2|0x0000000084600000, 0x0000000084700000, 0x0000000084700000|100%| O|  |TAMS 0x0000000084700000, 0x0000000084600000| Untracked 
|   3|0x0000000084700000, 0x0000000084800000, 0x0000000084800000|100%| O|  |TAMS 0x0000000084800000, 0x0000000084700000| Untracked 
|   4|0x0000000084800000, 0x0000000084900000, 0x0000000084900000|100%| O|  |TAMS 0x0000000084800000, 0x0000000084800000| Untracked 
|   5|0x0000000084900000, 0x0000000084a00000, 0x0000000084a00000|100%| O|  |TAMS 0x0000000084900000, 0x0000000084900000| Untracked 
|   6|0x0000000084a00000, 0x0000000084b00000, 0x0000000084b00000|100%|HS|  |TAMS 0x0000000084b00000, 0x0000000084a00000| Complete 
|   7|0x0000000084b00000, 0x0000000084c00000, 0x0000000084c00000|100%|HC|  |TAMS 0x0000000084c00000, 0x0000000084b00000| Complete 
|   8|0x0000000084c00000, 0x0000000084d00000, 0x0000000084d00000|100%| O|  |TAMS 0x0000000084d00000, 0x0000000084c00000| Untracked 
|   9|0x0000000084d00000, 0x0000000084e00000, 0x0000000084e00000|100%| O|  |TAMS 0x0000000084e00000, 0x0000000084d00000| Untracked 
|  10|0x0000000084e00000, 0x0000000084f00000, 0x0000000084f00000|100%| O|  |TAMS 0x0000000084f00000, 0x0000000084e00000| Untracked 
|  11|0x0000000084f00000, 0x0000000085000000, 0x0000000085000000|100%| O|  |TAMS 0x0000000085000000, 0x0000000084f00000| Untracked 
|  12|0x0000000085000000, 0x0000000085100000, 0x0000000085100000|100%| O|  |TAMS 0x0000000085100000, 0x0000000085000000| Untracked 
|  13|0x0000000085100000, 0x0000000085200000, 0x0000000085200000|100%| O|  |TAMS 0x0000000085200000, 0x0000000085100000| Untracked 
|  14|0x0000000085200000, 0x0000000085300000, 0x0000000085300000|100%| O|  |TAMS 0x0000000085300000, 0x0000000085200000| Untracked 
|  15|0x0000000085300000, 0x0000000085400000, 0x0000000085400000|100%| O|  |TAMS 0x0000000085400000, 0x0000000085300000| Untracked 
|  16|0x0000000085400000, 0x0000000085500000, 0x0000000085500000|100%| O|  |TAMS 0x0000000085500000, 0x0000000085400000| Untracked 
|  17|0x0000000085500000, 0x00000000855d5400, 0x0000000085600000| 83%| O|  |TAMS 0x0000000085500000, 0x0000000085500000| Untracked 
|  18|0x0000000085600000, 0x0000000085700000, 0x0000000085700000|100%| O|  |TAMS 0x0000000085700000, 0x0000000085600000| Untracked 
|  19|0x0000000085700000, 0x0000000085800000, 0x0000000085800000|100%| O|  |TAMS 0x0000000085800000, 0x0000000085700000| Untracked 
|  20|0x0000000085800000, 0x0000000085900000, 0x0000000085900000|100%| O|  |TAMS 0x0000000085900000, 0x0000000085800000| Untracked 
|  21|0x0000000085900000, 0x0000000085900000, 0x0000000085a00000|  0%| F|  |TAMS 0x0000000085900000, 0x0000000085900000| Untracked 
|  22|0x0000000085a00000, 0x0000000085a00000, 0x0000000085b00000|  0%| F|  |TAMS 0x0000000085a00000, 0x0000000085a00000| Untracked 
|  23|0x0000000085b00000, 0x0000000085b00000, 0x0000000085c00000|  0%| F|  |TAMS 0x0000000085b00000, 0x0000000085b00000| Untracked 
|  24|0x0000000085c00000, 0x0000000085c00000, 0x0000000085d00000|  0%| F|  |TAMS 0x0000000085c00000, 0x0000000085c00000| Untracked 
|  25|0x0000000085d00000, 0x0000000085d00000, 0x0000000085e00000|  0%| F|  |TAMS 0x0000000085d00000, 0x0000000085d00000| Untracked 
|  26|0x0000000085e00000, 0x0000000085e00000, 0x0000000085f00000|  0%| F|  |TAMS 0x0000000085e00000, 0x0000000085e00000| Untracked 
|  27|0x0000000085f00000, 0x0000000086000000, 0x0000000086000000|100%|HS|  |TAMS 0x0000000086000000, 0x0000000085f00000| Complete 
|  28|0x0000000086000000, 0x0000000086100000, 0x0000000086100000|100%| O|  |TAMS 0x0000000086000000, 0x0000000086000000| Untracked 
|  29|0x0000000086100000, 0x0000000086200000, 0x0000000086200000|100%| O|  |TAMS 0x0000000086100000, 0x0000000086100000| Untracked 
|  30|0x0000000086200000, 0x0000000086200000, 0x0000000086300000|  0%| F|  |TAMS 0x0000000086200000, 0x0000000086200000| Untracked 
|  31|0x0000000086300000, 0x0000000086300000, 0x0000000086400000|  0%| F|  |TAMS 0x0000000086300000, 0x0000000086300000| Untracked 
|  32|0x0000000086400000, 0x0000000086400000, 0x0000000086500000|  0%| F|  |TAMS 0x0000000086400000, 0x0000000086400000| Untracked 
|  33|0x0000000086500000, 0x0000000086500000, 0x0000000086600000|  0%| F|  |TAMS 0x0000000086500000, 0x0000000086500000| Untracked 
|  34|0x0000000086600000, 0x0000000086700000, 0x0000000086700000|100%| O|  |TAMS 0x0000000086700000, 0x0000000086600000| Untracked 
|  35|0x0000000086700000, 0x0000000086700000, 0x0000000086800000|  0%| F|  |TAMS 0x0000000086700000, 0x0000000086700000| Untracked 
|  36|0x0000000086800000, 0x0000000086800000, 0x0000000086900000|  0%| F|  |TAMS 0x0000000086800000, 0x0000000086800000| Untracked 
|  37|0x0000000086900000, 0x0000000086900000, 0x0000000086a00000|  0%| F|  |TAMS 0x0000000086900000, 0x0000000086900000| Untracked 
|  38|0x0000000086a00000, 0x0000000086a00000, 0x0000000086b00000|  0%| F|  |TAMS 0x0000000086a00000, 0x0000000086a00000| Untracked 
|  39|0x0000000086b00000, 0x0000000086c00000, 0x0000000086c00000|100%| O|  |TAMS 0x0000000086c00000, 0x0000000086b00000| Untracked 
|  40|0x0000000086c00000, 0x0000000086d00000, 0x0000000086d00000|100%| O|  |TAMS 0x0000000086d00000, 0x0000000086c00000| Untracked 
|  41|0x0000000086d00000, 0x0000000086e00000, 0x0000000086e00000|100%| O|  |TAMS 0x0000000086e00000, 0x0000000086d00000| Untracked 
|  42|0x0000000086e00000, 0x0000000086f00000, 0x0000000086f00000|100%| O|  |TAMS 0x0000000086f00000, 0x0000000086e00000| Untracked 
|  43|0x0000000086f00000, 0x0000000087000000, 0x0000000087000000|100%| O|  |TAMS 0x0000000086f62600, 0x0000000086f00000| Untracked 
|  44|0x0000000087000000, 0x0000000087000000, 0x0000000087100000|  0%| F|  |TAMS 0x0000000087000000, 0x0000000087000000| Untracked 
|  45|0x0000000087100000, 0x0000000087100000, 0x0000000087200000|  0%| F|  |TAMS 0x0000000087100000, 0x0000000087100000| Untracked 
|  46|0x0000000087200000, 0x0000000087200000, 0x0000000087300000|  0%| F|  |TAMS 0x0000000087200000, 0x0000000087200000| Untracked 
|  47|0x0000000087300000, 0x0000000087300000, 0x0000000087400000|  0%| F|  |TAMS 0x0000000087300000, 0x0000000087300000| Untracked 
|  48|0x0000000087400000, 0x0000000087400000, 0x0000000087500000|  0%| F|  |TAMS 0x0000000087400000, 0x0000000087400000| Untracked 
|  49|0x0000000087500000, 0x0000000087500000, 0x0000000087600000|  0%| F|  |TAMS 0x0000000087500000, 0x0000000087500000| Untracked 
|  50|0x0000000087600000, 0x0000000087600000, 0x0000000087700000|  0%| F|  |TAMS 0x0000000087600000, 0x0000000087600000| Untracked 
|  51|0x0000000087700000, 0x0000000087700000, 0x0000000087800000|  0%| F|  |TAMS 0x0000000087700000, 0x0000000087700000| Untracked 
|  52|0x0000000087800000, 0x0000000087800000, 0x0000000087900000|  0%| F|  |TAMS 0x0000000087800000, 0x0000000087800000| Untracked 
|  53|0x0000000087900000, 0x0000000087900000, 0x0000000087a00000|  0%| F|  |TAMS 0x0000000087900000, 0x0000000087900000| Untracked 
|  54|0x0000000087a00000, 0x0000000087a00000, 0x0000000087b00000|  0%| F|  |TAMS 0x0000000087a00000, 0x0000000087a00000| Untracked 
|  55|0x0000000087b00000, 0x0000000087b00000, 0x0000000087c00000|  0%| F|  |TAMS 0x0000000087b00000, 0x0000000087b00000| Untracked 
|  56|0x0000000087c00000, 0x0000000087c00000, 0x0000000087d00000|  0%| F|  |TAMS 0x0000000087c00000, 0x0000000087c00000| Untracked 
|  57|0x0000000087d00000, 0x0000000087d00000, 0x0000000087e00000|  0%| F|  |TAMS 0x0000000087d00000, 0x0000000087d00000| Untracked 
|  58|0x0000000087e00000, 0x0000000087e00000, 0x0000000087f00000|  0%| F|  |TAMS 0x0000000087e00000, 0x0000000087e00000| Untracked 
|  59|0x0000000087f00000, 0x0000000087f62680, 0x0000000088000000| 38%| S|CS|TAMS 0x0000000087f00000, 0x0000000087f00000| Complete 
|  60|0x0000000088000000, 0x0000000088100000, 0x0000000088100000|100%| S|CS|TAMS 0x0000000088000000, 0x0000000088000000| Complete 
|  61|0x0000000088100000, 0x0000000088200000, 0x0000000088200000|100%| S|CS|TAMS 0x0000000088100000, 0x0000000088100000| Complete 
|  62|0x0000000088200000, 0x0000000088300000, 0x0000000088300000|100%| S|CS|TAMS 0x0000000088200000, 0x0000000088200000| Complete 
|  63|0x0000000088300000, 0x0000000088300000, 0x0000000088400000|  0%| F|  |TAMS 0x0000000088300000, 0x0000000088300000| Untracked 
|  64|0x0000000088400000, 0x0000000088400000, 0x0000000088500000|  0%| F|  |TAMS 0x0000000088400000, 0x0000000088400000| Untracked 
|  65|0x0000000088500000, 0x0000000088500000, 0x0000000088600000|  0%| F|  |TAMS 0x0000000088500000, 0x0000000088500000| Untracked 
|  66|0x0000000088600000, 0x0000000088600000, 0x0000000088700000|  0%| F|  |TAMS 0x0000000088600000, 0x0000000088600000| Untracked 
|  67|0x0000000088700000, 0x0000000088700000, 0x0000000088800000|  0%| F|  |TAMS 0x0000000088700000, 0x0000000088700000| Untracked 
|  68|0x0000000088800000, 0x0000000088800000, 0x0000000088900000|  0%| F|  |TAMS 0x0000000088800000, 0x0000000088800000| Untracked 
|  69|0x0000000088900000, 0x0000000088900000, 0x0000000088a00000|  0%| F|  |TAMS 0x0000000088900000, 0x0000000088900000| Untracked 
|  70|0x0000000088a00000, 0x0000000088a00000, 0x0000000088b00000|  0%| F|  |TAMS 0x0000000088a00000, 0x0000000088a00000| Untracked 
|  71|0x0000000088b00000, 0x0000000088b00000, 0x0000000088c00000|  0%| F|  |TAMS 0x0000000088b00000, 0x0000000088b00000| Untracked 
|  72|0x0000000088c00000, 0x0000000088c00000, 0x0000000088d00000|  0%| F|  |TAMS 0x0000000088c00000, 0x0000000088c00000| Untracked 
|  73|0x0000000088d00000, 0x0000000088d00000, 0x0000000088e00000|  0%| F|  |TAMS 0x0000000088d00000, 0x0000000088d00000| Untracked 
|  74|0x0000000088e00000, 0x0000000088e00000, 0x0000000088f00000|  0%| F|  |TAMS 0x0000000088e00000, 0x0000000088e00000| Untracked 
|  75|0x0000000088f00000, 0x0000000088f00000, 0x0000000089000000|  0%| F|  |TAMS 0x0000000088f00000, 0x0000000088f00000| Untracked 
|  76|0x0000000089000000, 0x0000000089000000, 0x0000000089100000|  0%| F|  |TAMS 0x0000000089000000, 0x0000000089000000| Untracked 
|  77|0x0000000089100000, 0x0000000089100000, 0x0000000089200000|  0%| F|  |TAMS 0x0000000089100000, 0x0000000089100000| Untracked 
|  78|0x0000000089200000, 0x0000000089200000, 0x0000000089300000|  0%| F|  |TAMS 0x0000000089200000, 0x0000000089200000| Untracked 
|  79|0x0000000089300000, 0x0000000089300000, 0x0000000089400000|  0%| F|  |TAMS 0x0000000089300000, 0x0000000089300000| Untracked 
|  80|0x0000000089400000, 0x0000000089400000, 0x0000000089500000|  0%| F|  |TAMS 0x0000000089400000, 0x0000000089400000| Untracked 
|  81|0x0000000089500000, 0x0000000089500000, 0x0000000089600000|  0%| F|  |TAMS 0x0000000089500000, 0x0000000089500000| Untracked 
|  82|0x0000000089600000, 0x0000000089600000, 0x0000000089700000|  0%| F|  |TAMS 0x0000000089600000, 0x0000000089600000| Untracked 
|  83|0x0000000089700000, 0x0000000089700000, 0x0000000089800000|  0%| F|  |TAMS 0x0000000089700000, 0x0000000089700000| Untracked 
|  84|0x0000000089800000, 0x0000000089800000, 0x0000000089900000|  0%| F|  |TAMS 0x0000000089800000, 0x0000000089800000| Untracked 
|  85|0x0000000089900000, 0x0000000089900000, 0x0000000089a00000|  0%| F|  |TAMS 0x0000000089900000, 0x0000000089900000| Untracked 
|  86|0x0000000089a00000, 0x0000000089a00000, 0x0000000089b00000|  0%| F|  |TAMS 0x0000000089a00000, 0x0000000089a00000| Untracked 
|  87|0x0000000089b00000, 0x0000000089b00000, 0x0000000089c00000|  0%| F|  |TAMS 0x0000000089b00000, 0x0000000089b00000| Untracked 
|  88|0x0000000089c00000, 0x0000000089c00000, 0x0000000089d00000|  0%| F|  |TAMS 0x0000000089c00000, 0x0000000089c00000| Untracked 
|  89|0x0000000089d00000, 0x0000000089d00000, 0x0000000089e00000|  0%| F|  |TAMS 0x0000000089d00000, 0x0000000089d00000| Untracked 
|  90|0x0000000089e00000, 0x0000000089e00000, 0x0000000089f00000|  0%| F|  |TAMS 0x0000000089e00000, 0x0000000089e00000| Untracked 
|  91|0x0000000089f00000, 0x0000000089f00000, 0x000000008a000000|  0%| F|  |TAMS 0x0000000089f00000, 0x0000000089f00000| Untracked 
|  92|0x000000008a000000, 0x000000008a000000, 0x000000008a100000|  0%| F|  |TAMS 0x000000008a000000, 0x000000008a000000| Untracked 
|  93|0x000000008a100000, 0x000000008a100000, 0x000000008a200000|  0%| F|  |TAMS 0x000000008a100000, 0x000000008a100000| Untracked 
|  94|0x000000008a200000, 0x000000008a200000, 0x000000008a300000|  0%| F|  |TAMS 0x000000008a200000, 0x000000008a200000| Untracked 
|  95|0x000000008a300000, 0x000000008a400000, 0x000000008a400000|100%| E|  |TAMS 0x000000008a300000, 0x000000008a300000| Complete 
|  96|0x000000008a400000, 0x000000008a500000, 0x000000008a500000|100%| E|CS|TAMS 0x000000008a400000, 0x000000008a400000| Complete 
|  97|0x000000008a500000, 0x000000008a600000, 0x000000008a600000|100%| E|CS|TAMS 0x000000008a500000, 0x000000008a500000| Complete 
|  98|0x000000008a600000, 0x000000008a700000, 0x000000008a700000|100%| E|CS|TAMS 0x000000008a600000, 0x000000008a600000| Complete 
|  99|0x000000008a700000, 0x000000008a800000, 0x000000008a800000|100%| E|CS|TAMS 0x000000008a700000, 0x000000008a700000| Complete 
| 121|0x000000008bd00000, 0x000000008be00000, 0x000000008be00000|100%| E|CS|TAMS 0x000000008bd00000, 0x000000008bd00000| Complete 
| 123|0x000000008bf00000, 0x000000008c000000, 0x000000008c000000|100%| E|CS|TAMS 0x000000008bf00000, 0x000000008bf00000| Complete 

Card table byte_map: [0x000002c2004f0000,0x000002c2008d0000] _byte_map_base: 0x000002c2000ce000

Marking Bits (Prev, Next): (CMBitMap*) 0x000002c26753d810, (CMBitMap*) 0x000002c26753d850
 Prev Bits: [0x000002c200cb0000, 0x000002c202ba0000)
 Next Bits: [0x000002c202ba0000, 0x000002c204a90000)

Polling page: 0x000002c267180000

Metaspace:

Usage:
  Non-class:     27.75 MB used.
      Class:      3.72 MB used.
       Both:     31.47 MB used.

Virtual space:
  Non-class space:       64.00 MB reserved,      28.00 MB ( 44%) committed,  1 nodes.
      Class space:        1.00 GB reserved,       3.94 MB ( <1%) committed,  1 nodes.
             Both:        1.06 GB reserved,      31.94 MB (  3%) committed. 

Chunk freelists:
   Non-Class:  3.20 MB
       Class:  12.02 MB
        Both:  15.22 MB

MaxMetaspaceSize: unlimited
CompressedClassSpaceSize: 1.00 GB
Initial GC threshold: 21.00 MB
Current GC threshold: 43.56 MB
CDS: on
MetaspaceReclaimPolicy: balanced
 - commit_granule_bytes: 65536.
 - commit_granule_words: 8192.
 - virtual_space_node_default_size: 8388608.
 - enlarge_chunks_in_place: 1.
 - new_chunks_are_fully_committed: 0.
 - uncommit_free_chunks: 1.
 - use_allocation_guard: 0.
 - handle_deallocations: 1.


Internal statistics:

num_allocs_failed_limit: 3.
num_arena_births: 216.
num_arena_deaths: 0.
num_vsnodes_births: 2.
num_vsnodes_deaths: 0.
num_space_committed: 511.
num_space_uncommitted: 0.
num_chunks_returned_to_freelist: 3.
num_chunks_taken_from_freelist: 1389.
num_chunk_merges: 3.
num_chunk_splits: 968.
num_chunks_enlarged: 770.
num_inconsistent_stats: 0.

CodeHeap 'non-profiled nmethods': size=120000Kb used=3642Kb max_used=3642Kb free=116358Kb
 bounds [0x000002c278100000, 0x000002c278490000, 0x000002c27f630000]
CodeHeap 'profiled nmethods': size=120000Kb used=12117Kb max_used=12136Kb free=107882Kb
 bounds [0x000002c270630000, 0x000002c271210000, 0x000002c277b60000]
CodeHeap 'non-nmethods': size=5760Kb used=1258Kb max_used=1316Kb free=4501Kb
 bounds [0x000002c277b60000, 0x000002c277dd0000, 0x000002c278100000]
 total_blobs=6291 nmethods=5737 adapters=466
 compilation: enabled
              stopped_count=0, restarted_count=0
 full_count=0

Compilation events (20 events):
Event: 244.785 Thread 0x000002c207542ca0 nmethod 6569 0x000002c270b93310 code [0x000002c270b934c0, 0x000002c270b93638]
Event: 244.785 Thread 0x000002c207542ca0 6572       3       java.lang.ThreadLocal$ThreadLocalMap::expungeStaleEntry (146 bytes)
Event: 244.786 Thread 0x000002c207542ca0 nmethod 6572 0x000002c27083fe10 code [0x000002c270840060, 0x000002c270840e58]
Event: 244.786 Thread 0x000002c207542ca0 6571       3       org.eclipse.aether.util.filter.ScopeDependencyFilter::accept (82 bytes)
Event: 244.786 Thread 0x000002c207542ca0 nmethod 6571 0x000002c27083f310 code [0x000002c27083f520, 0x000002c27083fbb8]
Event: 244.786 Thread 0x000002c207542ca0 6573       3       java.util.concurrent.atomic.AtomicInteger::<init> (10 bytes)
Event: 244.787 Thread 0x000002c207542ca0 nmethod 6573 0x000002c27083ee90 code [0x000002c27083f040, 0x000002c27083f218]
Event: 244.796 Thread 0x000002c24ef08550 6566       4       org.eclipse.aether.util.graph.transformer.ConflictResolver::gatherConflictItems (111 bytes)
Event: 244.808 Thread 0x000002c207540380 nmethod 6559 0x000002c278488510 code [0x000002c278488720, 0x000002c278489708]
Event: 244.808 Thread 0x000002c207540380 6558       4       org.apache.maven.model.ConfigurationContainer::isInherited (19 bytes)
Event: 244.820 Thread 0x000002c207540380 nmethod 6558 0x000002c27848a090 code [0x000002c27848a240, 0x000002c27848a878]
Event: 244.820 Thread 0x000002c207540380 6570       4       java.util.Collections$UnmodifiableCollection$1::hasNext (10 bytes)
Event: 244.820 Thread 0x000002c207540380 nmethod 6570 0x000002c27848ad10 code [0x000002c27848aea0, 0x000002c27848af38]
Event: 244.820 Thread 0x000002c207540380 6568       4       java.lang.Integer::equals (29 bytes)
Event: 244.821 Thread 0x000002c207540380 nmethod 6568 0x000002c27848b010 code [0x000002c27848b1a0, 0x000002c27848b258]
Event: 244.825 Thread 0x000002c207540380 6574       4       java.io.File::<init> (111 bytes)
Event: 244.854 Thread 0x000002c207540380 nmethod 6574 0x000002c27848b310 code [0x000002c27848b580, 0x000002c27848cc00]
Event: 245.142 Thread 0x000002c207542ca0 6575       3       org.eclipse.aether.graph.DefaultDependencyNode::accept (63 bytes)
Event: 245.143 Thread 0x000002c207542ca0 nmethod 6575 0x000002c27083e210 code [0x000002c27083e440, 0x000002c27083ec18]
Event: 245.144 Thread 0x000002c207542ca0 6576       3       org.apache.maven.artifact.versioning.ComparableVersion::parseItem (64 bytes)

GC Heap History (20 events):
Event: 60.111 GC heap before
{Heap before GC invocations=2 (full 0):
 garbage-first heap   total 126976K, used 78356K [0x0000000084400000, 0x0000000100000000)
  region size 1024K, 74 young (75776K), 1 survivors (1024K)
 Metaspace       used 15295K, committed 15488K, reserved 1114112K
  class space    used 1847K, committed 1920K, reserved 1048576K
}
Event: 60.141 GC heap after
{Heap after GC invocations=3 (full 0):
 garbage-first heap   total 126976K, used 13094K [0x0000000084400000, 0x0000000100000000)
  region size 1024K, 10 young (10240K), 10 survivors (10240K)
 Metaspace       used 15295K, committed 15488K, reserved 1114112K
  class space    used 1847K, committed 1920K, reserved 1048576K
}
Event: 102.631 GC heap before
{Heap before GC invocations=3 (full 0):
 garbage-first heap   total 126976K, used 82726K [0x0000000084400000, 0x0000000100000000)
  region size 1024K, 74 young (75776K), 10 survivors (10240K)
 Metaspace       used 19707K, committed 19968K, reserved 1114112K
  class space    used 2319K, committed 2432K, reserved 1048576K
}
Event: 102.664 GC heap after
{Heap after GC invocations=4 (full 0):
 garbage-first heap   total 126976K, used 22307K [0x0000000084400000, 0x0000000100000000)
  region size 1024K, 6 young (6144K), 6 survivors (6144K)
 Metaspace       used 19707K, committed 19968K, reserved 1114112K
  class space    used 2319K, committed 2432K, reserved 1048576K
}
Event: 102.807 GC heap before
{Heap before GC invocations=4 (full 0):
 garbage-first heap   total 126976K, used 23331K [0x0000000084400000, 0x0000000100000000)
  region size 1024K, 8 young (8192K), 6 survivors (6144K)
 Metaspace       used 21186K, committed 21504K, reserved 1114112K
  class space    used 2515K, committed 2688K, reserved 1048576K
}
Event: 102.824 GC heap after
{Heap after GC invocations=5 (full 0):
 garbage-first heap   total 126976K, used 20992K [0x0000000084400000, 0x0000000100000000)
  region size 1024K, 1 young (1024K), 1 survivors (1024K)
 Metaspace       used 21186K, committed 21504K, reserved 1114112K
  class space    used 2515K, committed 2688K, reserved 1048576K
}
Event: 105.962 GC heap before
{Heap before GC invocations=6 (full 0):
 garbage-first heap   total 75776K, used 62976K [0x0000000084400000, 0x0000000100000000)
  region size 1024K, 40 young (40960K), 1 survivors (1024K)
 Metaspace       used 26298K, committed 26624K, reserved 1114112K
  class space    used 3107K, committed 3264K, reserved 1048576K
}
Event: 106.026 GC heap after
{Heap after GC invocations=7 (full 0):
 garbage-first heap   total 75776K, used 32256K [0x0000000084400000, 0x0000000100000000)
  region size 1024K, 6 young (6144K), 6 survivors (6144K)
 Metaspace       used 26298K, committed 26624K, reserved 1114112K
  class space    used 3107K, committed 3264K, reserved 1048576K
}
Event: 107.935 GC heap before
{Heap before GC invocations=7 (full 0):
 garbage-first heap   total 75776K, used 54784K [0x0000000084400000, 0x0000000100000000)
  region size 1024K, 26 young (26624K), 6 survivors (6144K)
 Metaspace       used 26384K, committed 26688K, reserved 1114112K
  class space    used 3107K, committed 3264K, reserved 1048576K
}
Event: 107.996 GC heap after
{Heap after GC invocations=8 (full 0):
 garbage-first heap   total 75776K, used 41865K [0x0000000084400000, 0x0000000100000000)
  region size 1024K, 4 young (4096K), 4 survivors (4096K)
 Metaspace       used 26384K, committed 26688K, reserved 1114112K
  class space    used 3107K, committed 3264K, reserved 1048576K
}
Event: 109.544 GC heap before
{Heap before GC invocations=8 (full 0):
 garbage-first heap   total 75776K, used 55177K [0x0000000084400000, 0x0000000100000000)
  region size 1024K, 17 young (17408K), 4 survivors (4096K)
 Metaspace       used 26425K, committed 26752K, reserved 1114112K
  class space    used 3107K, committed 3264K, reserved 1048576K
}
Event: 109.572 GC heap after
{Heap after GC invocations=9 (full 0):
 garbage-first heap   total 75776K, used 41193K [0x0000000084400000, 0x0000000100000000)
  region size 1024K, 2 young (2048K), 2 survivors (2048K)
 Metaspace       used 26425K, committed 26752K, reserved 1114112K
  class space    used 3107K, committed 3264K, reserved 1048576K
}
Event: 111.317 GC heap before
{Heap before GC invocations=10 (full 0):
 garbage-first heap   total 75776K, used 52457K [0x0000000084400000, 0x0000000100000000)
  region size 1024K, 16 young (16384K), 2 survivors (2048K)
 Metaspace       used 27572K, committed 27968K, reserved 1114112K
  class space    used 3199K, committed 3392K, reserved 1048576K
}
Event: 111.334 GC heap after
{Heap after GC invocations=11 (full 0):
 garbage-first heap   total 75776K, used 38905K [0x0000000084400000, 0x0000000100000000)
  region size 1024K, 2 young (2048K), 2 survivors (2048K)
 Metaspace       used 27572K, committed 27968K, reserved 1114112K
  class space    used 3199K, committed 3392K, reserved 1048576K
}
Event: 111.546 GC heap before
{Heap before GC invocations=11 (full 0):
 garbage-first heap   total 75776K, used 39929K [0x0000000084400000, 0x0000000100000000)
  region size 1024K, 3 young (3072K), 2 survivors (2048K)
 Metaspace       used 27837K, committed 28288K, reserved 1114112K
  class space    used 3233K, committed 3456K, reserved 1048576K
}
Event: 111.568 GC heap after
{Heap after GC invocations=12 (full 0):
 garbage-first heap   total 75776K, used 30763K [0x0000000084400000, 0x0000000100000000)
  region size 1024K, 1 young (1024K), 1 survivors (1024K)
 Metaspace       used 27837K, committed 28288K, reserved 1114112K
  class space    used 3233K, committed 3456K, reserved 1048576K
}
Event: 191.784 GC heap before
{Heap before GC invocations=12 (full 0):
 garbage-first heap   total 75776K, used 53291K [0x0000000084400000, 0x0000000100000000)
  region size 1024K, 23 young (23552K), 1 survivors (1024K)
 Metaspace       used 30039K, committed 30400K, reserved 1114112K
  class space    used 3476K, committed 3648K, reserved 1048576K
}
Event: 191.840 GC heap after
{Heap after GC invocations=13 (full 0):
 garbage-first heap   total 104448K, used 31819K [0x0000000084400000, 0x0000000100000000)
  region size 1024K, 2 young (2048K), 2 survivors (2048K)
 Metaspace       used 30039K, committed 30400K, reserved 1114112K
  class space    used 3476K, committed 3648K, reserved 1048576K
}
Event: 244.684 GC heap before
{Heap before GC invocations=13 (full 0):
 garbage-first heap   total 104448K, used 90187K [0x0000000084400000, 0x0000000100000000)
  region size 1024K, 41 young (41984K), 2 survivors (2048K)
 Metaspace       used 32106K, committed 32576K, reserved 1114112K
  class space    used 3795K, committed 4032K, reserved 1048576K
}
Event: 244.698 GC heap after
{Heap after GC invocations=14 (full 0):
 garbage-first heap   total 104448K, used 34014K [0x0000000084400000, 0x0000000100000000)
  region size 1024K, 4 young (4096K), 4 survivors (4096K)
 Metaspace       used 32106K, committed 32576K, reserved 1114112K
  class space    used 3795K, committed 4032K, reserved 1048576K
}

Dll operation events (8 events):
Event: 0.034 Loaded shared library C:\Program Files\Eclipse Adoptium\jdk-17.0.20.8-hotspot\bin\java.dll
Event: 0.067 Loaded shared library C:\Program Files\Eclipse Adoptium\jdk-17.0.20.8-hotspot\bin\jsvml.dll
Event: 0.165 Loaded shared library C:\Program Files\Eclipse Adoptium\jdk-17.0.20.8-hotspot\bin\net.dll
Event: 0.178 Loaded shared library C:\Program Files\Eclipse Adoptium\jdk-17.0.20.8-hotspot\bin\nio.dll
Event: 0.187 Loaded shared library C:\Program Files\Eclipse Adoptium\jdk-17.0.20.8-hotspot\bin\zip.dll
Event: 3.769 Loaded shared library C:\Maven\apache-maven-3.9.16\lib\jansi-native\Windows\x86_64\jansi.dll
Event: 3.888 Loaded shared library C:\Program Files\Eclipse Adoptium\jdk-17.0.20.8-hotspot\bin\verify.dll
Event: 3.957 Loaded shared library C:\Program Files\Eclipse Adoptium\jdk-17.0.20.8-hotspot\bin\jimage.dll

Deoptimization events (20 events):
Event: 244.026 Thread 0x000002c2674e0c40 DEOPT PACKING pc=0x000002c2782cd4ec sp=0x000000ef900fc3d0
Event: 244.026 Thread 0x000002c2674e0c40 DEOPT UNPACKING pc=0x000002c277bba1a3 sp=0x000000ef900fc378 mode 2
Event: 244.026 Thread 0x000002c2674e0c40 Uncommon trap: trap_request=0xffffffde fr.pc=0x000002c2782cd4ec relative=0x000000000000052c
Event: 244.026 Thread 0x000002c2674e0c40 Uncommon trap: reason=class_check action=maybe_recompile pc=0x000002c2782cd4ec method=org.codehaus.plexus.interpolation.MapBasedValueSource.getValue(Ljava/lang/String;)Ljava/lang/Object; @ 16 c2
Event: 244.026 Thread 0x000002c2674e0c40 DEOPT PACKING pc=0x000002c2782cd4ec sp=0x000000ef900fc3d0
Event: 244.026 Thread 0x000002c2674e0c40 DEOPT UNPACKING pc=0x000002c277bba1a3 sp=0x000000ef900fc378 mode 2
Event: 244.026 Thread 0x000002c2674e0c40 Uncommon trap: trap_request=0xffffffde fr.pc=0x000002c2782cd4ec relative=0x000000000000052c
Event: 244.026 Thread 0x000002c2674e0c40 Uncommon trap: reason=class_check action=maybe_recompile pc=0x000002c2782cd4ec method=org.codehaus.plexus.interpolation.MapBasedValueSource.getValue(Ljava/lang/String;)Ljava/lang/Object; @ 16 c2
Event: 244.026 Thread 0x000002c2674e0c40 DEOPT PACKING pc=0x000002c2782cd4ec sp=0x000000ef900fc3d0
Event: 244.026 Thread 0x000002c2674e0c40 DEOPT UNPACKING pc=0x000002c277bba1a3 sp=0x000000ef900fc378 mode 2
Event: 244.101 Thread 0x000002c2674e0c40 DEOPT PACKING pc=0x000002c270c2a002 sp=0x000000ef900fbbc0
Event: 244.101 Thread 0x000002c2674e0c40 DEOPT UNPACKING pc=0x000002c277bbace3 sp=0x000000ef900fb0f8 mode 0
Event: 244.102 Thread 0x000002c2674e0c40 Uncommon trap: trap_request=0xffffffde fr.pc=0x000002c2782cd4ec relative=0x000000000000052c
Event: 244.102 Thread 0x000002c2674e0c40 Uncommon trap: reason=class_check action=maybe_recompile pc=0x000002c2782cd4ec method=org.codehaus.plexus.interpolation.MapBasedValueSource.getValue(Ljava/lang/String;)Ljava/lang/Object; @ 16 c2
Event: 244.102 Thread 0x000002c2674e0c40 DEOPT PACKING pc=0x000002c2782cd4ec sp=0x000000ef900fbf40
Event: 244.102 Thread 0x000002c2674e0c40 DEOPT UNPACKING pc=0x000002c277bba1a3 sp=0x000000ef900fbee8 mode 2
Event: 244.703 Thread 0x000002c2674e0c40 Uncommon trap: trap_request=0xffffffde fr.pc=0x000002c278153154 relative=0x0000000000000eb4
Event: 244.703 Thread 0x000002c2674e0c40 Uncommon trap: reason=class_check action=maybe_recompile pc=0x000002c278153154 method=java.util.concurrent.ConcurrentHashMap.putVal(Ljava/lang/Object;Ljava/lang/Object;Z)Ljava/lang/Object; @ 242 c2
Event: 244.703 Thread 0x000002c2674e0c40 DEOPT PACKING pc=0x000002c278153154 sp=0x000000ef900fc930
Event: 244.703 Thread 0x000002c2674e0c40 DEOPT UNPACKING pc=0x000002c277bba1a3 sp=0x000000ef900fc8a0 mode 2

Classes loaded (20 events):
Event: 201.165 Loading class java/text/ParsePosition
Event: 201.166 Loading class java/text/ParsePosition done
Event: 201.166 Loading class java/time/format/DateTimeParseContext
Event: 201.168 Loading class java/time/format/DateTimeParseContext done
Event: 201.168 Loading class java/time/format/Parsed
Event: 201.169 Loading class java/time/format/Parsed done
Event: 203.976 Loading class sun/nio/fs/AbstractBasicFileAttributeView$AttributesBuilder
Event: 204.135 Loading class sun/nio/fs/AbstractBasicFileAttributeView$AttributesBuilder done
Event: 204.223 Loading class sun/nio/fs/FileOwnerAttributeViewImpl
Event: 204.280 Loading class sun/nio/fs/FileOwnerAttributeViewImpl done
Event: 205.189 Loading class sun/nio/fs/WindowsUserPrincipals
Event: 205.564 Loading class sun/nio/fs/WindowsUserPrincipals done
Event: 206.218 Loading class sun/nio/fs/WindowsUserPrincipals$User
Event: 206.371 Loading class java/nio/file/attribute/UserPrincipal
Event: 206.573 Loading class java/nio/file/attribute/UserPrincipal done
Event: 206.573 Loading class sun/nio/fs/WindowsUserPrincipals$User done
Event: 211.984 Loading class java/io/SequenceInputStream
Event: 212.058 Loading class java/io/SequenceInputStream done
Event: 221.638 Loading class java/util/Vector$1
Event: 221.954 Loading class java/util/Vector$1 done

Classes unloaded (0 events):
No events

Classes redefined (0 events):
No events

Internal exceptions (20 events):
Event: 108.398 Thread 0x000002c2674e0c40 Exception <a 'sun/nio/fs/WindowsException'{0x0000000088962ea8}> (0x0000000088962ea8) 
thrown [s\src\hotspot\share\prims\jni.cpp, line 516]
Event: 108.411 Thread 0x000002c2674e0c40 Exception <a 'sun/nio/fs/WindowsException'{0x0000000088965de0}> (0x0000000088965de0) 
thrown [s\src\hotspot\share\prims\jni.cpp, line 516]
Event: 108.411 Thread 0x000002c2674e0c40 Exception <a 'sun/nio/fs/WindowsException'{0x0000000088966b78}> (0x0000000088966b78) 
thrown [s\src\hotspot\share\prims\jni.cpp, line 516]
Event: 108.413 Thread 0x000002c2674e0c40 Exception <a 'sun/nio/fs/WindowsException'{0x00000000889769b0}> (0x00000000889769b0) 
thrown [s\src\hotspot\share\prims\jni.cpp, line 516]
Event: 108.416 Thread 0x000002c2674e0c40 Exception <a 'sun/nio/fs/WindowsException'{0x00000000889a3100}> (0x00000000889a3100) 
thrown [s\src\hotspot\share\prims\jni.cpp, line 516]
Event: 108.505 Thread 0x000002c2674e0c40 Exception <a 'sun/nio/fs/WindowsException'{0x00000000886665a0}> (0x00000000886665a0) 
thrown [s\src\hotspot\share\prims\jni.cpp, line 516]
Event: 108.506 Thread 0x000002c2674e0c40 Exception <a 'sun/nio/fs/WindowsException'{0x0000000088666d98}> (0x0000000088666d98) 
thrown [s\src\hotspot\share\prims\jni.cpp, line 516]
Event: 108.507 Thread 0x000002c2674e0c40 Exception <a 'sun/nio/fs/WindowsException'{0x0000000088667358}> (0x0000000088667358) 
thrown [s\src\hotspot\share\prims\jni.cpp, line 516]
Event: 108.507 Thread 0x000002c2674e0c40 Exception <a 'sun/nio/fs/WindowsException'{0x0000000088667b08}> (0x0000000088667b08) 
thrown [s\src\hotspot\share\prims\jni.cpp, line 516]
Event: 108.507 Thread 0x000002c2674e0c40 Exception <a 'sun/nio/fs/WindowsException'{0x00000000886682a0}> (0x00000000886682a0) 
thrown [s\src\hotspot\share\prims\jni.cpp, line 516]
Event: 111.215 Thread 0x000002c24d22d890 Exception <a 'java/lang/NoSuchMethodError'{0x0000000087ea5858}: 'java.lang.Object java.lang.invoke.DirectMethodHandle$Holder.invokeStatic(java.lang.Object, java.lang.Object, long, java.lang.Object)'> (0x0000000087ea5858) 
thrown [s\src\hotspot\share\interpreter\linkResolver.cpp, line 759]
Event: 111.216 Thread 0x000002c24d22d890 Exception <a 'java/lang/NoSuchMethodError'{0x0000000087ea8d88}: 'java.lang.Object java.lang.invoke.DirectMethodHandle$Holder.invokeStaticInit(java.lang.Object, java.lang.Object, long, java.lang.Object)'> (0x0000000087ea8d88) 
thrown [s\src\hotspot\share\interpreter\linkResolver.cpp, line 759]
Event: 111.218 Thread 0x000002c24d22d890 Exception <a 'java/lang/NoSuchMethodError'{0x0000000087ef6b68}: 'java.lang.Object java.lang.invoke.DirectMethodHandle$Holder.newInvokeSpecial(java.lang.Object, java.lang.Object, long)'> (0x0000000087ef6b68) 
thrown [s\src\hotspot\share\interpreter\linkResolver.cpp, line 759]
Event: 111.219 Thread 0x000002c24d22d890 Exception <a 'java/lang/NoSuchMethodError'{0x0000000087efa6d8}: 'java.lang.Object java.lang.invoke.Invokers$Holder.linkToTargetMethod(java.lang.Object, long, java.lang.Object)'> (0x0000000087efa6d8) 
thrown [s\src\hotspot\share\interpreter\linkResolver.cpp, line 759]
Event: 112.769 Thread 0x000002c2674e0c40 Exception <a 'java/lang/NoSuchMethodError'{0x0000000088b033b0}: 'java.lang.Object java.lang.invoke.DirectMethodHandle$Holder.invokeStaticInit(java.lang.Object, java.lang.Object, int, int, int, int)'> (0x0000000088b033b0) 
thrown [s\src\hotspot\share\interpreter\linkResolver.cpp, line 759]
Event: 117.997 Thread 0x000002c2674e0c40 Exception <a 'java/lang/NoSuchMethodError'{0x0000000088025370}: 'void java.lang.invoke.DirectMethodHandle$Holder.invokeStatic(java.lang.Object, long)'> (0x0000000088025370) 
thrown [s\src\hotspot\share\interpreter\linkResolver.cpp, line 759]
Event: 117.999 Thread 0x000002c2674e0c40 Exception <a 'java/lang/NoSuchMethodError'{0x000000008802a8c8}: 'java.lang.Object java.lang.invoke.DirectMethodHandle$Holder.newInvokeSpecial(java.lang.Object, long)'> (0x000000008802a8c8) 
thrown [s\src\hotspot\share\interpreter\linkResolver.cpp, line 759]
Event: 173.842 Thread 0x000002c24d22bf40 Implicit null exception at 0x000002c27832a6c7 to 0x000002c27832ac88
Event: 173.849 Thread 0x000002c24d22bf40 Implicit null exception at 0x000002c27835d307 to 0x000002c27835d61c
Event: 178.965 Thread 0x000002c2674e0c40 Exception <a 'sun/nio/fs/WindowsException'{0x0000000087ffe0f0}> (0x0000000087ffe0f0) 
thrown [s\src\hotspot\share\prims\jni.cpp, line 516]

VM Operations (20 events):
Event: 209.042 Executing VM operation: Cleanup
Event: 209.042 Executing VM operation: Cleanup done
Event: 226.191 Executing VM operation: Cleanup
Event: 230.187 Executing VM operation: Cleanup done
Event: 231.201 Executing VM operation: Cleanup
Event: 233.648 Executing VM operation: Cleanup done
Event: 234.661 Executing VM operation: Cleanup
Event: 234.661 Executing VM operation: Cleanup done
Event: 237.700 Executing VM operation: Cleanup
Event: 237.700 Executing VM operation: Cleanup done
Event: 238.713 Executing VM operation: Cleanup
Event: 238.713 Executing VM operation: Cleanup done
Event: 240.596 Executing VM operation: HandshakeAllThreads
Event: 240.596 Executing VM operation: HandshakeAllThreads done
Event: 242.623 Executing VM operation: Cleanup
Event: 242.623 Executing VM operation: Cleanup done
Event: 244.643 Executing VM operation: Cleanup
Event: 244.643 Executing VM operation: Cleanup done
Event: 244.684 Executing VM operation: G1CollectForAllocation
Event: 244.698 Executing VM operation: G1CollectForAllocation done

Memory protections (0 events):
No events

Nmethod flushes (20 events):
Event: 110.316 Thread 0x000002c2075435b0 flushing  nmethod 0x000002c271054a90
Event: 110.316 Thread 0x000002c2075435b0 flushing  nmethod 0x000002c271056510
Event: 110.316 Thread 0x000002c2075435b0 flushing  nmethod 0x000002c271059c90
Event: 110.316 Thread 0x000002c2075435b0 flushing  nmethod 0x000002c271062310
Event: 110.317 Thread 0x000002c2075435b0 flushing  nmethod 0x000002c271081b90
Event: 110.317 Thread 0x000002c2075435b0 flushing  nmethod 0x000002c271087e10
Event: 110.317 Thread 0x000002c2075435b0 flushing  nmethod 0x000002c2710af590
Event: 110.317 Thread 0x000002c2075435b0 flushing  nmethod 0x000002c2710c2e10
Event: 110.317 Thread 0x000002c2075435b0 flushing  nmethod 0x000002c2710c6510
Event: 110.317 Thread 0x000002c2075435b0 flushing  nmethod 0x000002c2710c7490
Event: 110.317 Thread 0x000002c2075435b0 flushing  nmethod 0x000002c2710c9c90
Event: 110.317 Thread 0x000002c2075435b0 flushing  nmethod 0x000002c2710caf10
Event: 110.317 Thread 0x000002c2075435b0 flushing  nmethod 0x000002c2710cb310
Event: 110.317 Thread 0x000002c2075435b0 flushing  nmethod 0x000002c2710d2910
Event: 110.317 Thread 0x000002c2075435b0 flushing  nmethod 0x000002c2710e7590
Event: 110.318 Thread 0x000002c2075435b0 flushing  nmethod 0x000002c2710f3f90
Event: 110.318 Thread 0x000002c2075435b0 flushing  nmethod 0x000002c271125490
Event: 110.318 Thread 0x000002c2075435b0 flushing  nmethod 0x000002c271129a90
Event: 110.318 Thread 0x000002c2075435b0 flushing  nmethod 0x000002c27112af10
Event: 110.319 Thread 0x000002c2075435b0 flushing  nmethod 0x000002c271190690

Events (20 events):
Event: 118.072 Thread 0x000002c2674e0c40 Thread added: 0x000002c24d9838e0
Event: 176.220 Thread 0x000002c24d9838e0 Thread exited: 0x000002c24d9838e0
Event: 176.371 Thread 0x000002c24d22bf40 Thread exited: 0x000002c24d22bf40
Event: 176.371 Thread 0x000002c24d981a80 Thread exited: 0x000002c24d981a80
Event: 176.683 Thread 0x000002c24d984300 Thread exited: 0x000002c24d984300
Event: 176.688 Thread 0x000002c24d22c960 Thread exited: 0x000002c24d22c960
Event: 176.688 Thread 0x000002c24d22d890 Thread exited: 0x000002c24d22d890
Event: 224.920 Thread 0x000002c2674e0c40 Thread added: 0x000002c24d22bf40
Event: 224.921 Thread 0x000002c2674e0c40 Thread added: 0x000002c24d22d890
Event: 224.921 Thread 0x000002c2674e0c40 Thread added: 0x000002c24ebb6570
Event: 225.217 Thread 0x000002c2674e0c40 Thread added: 0x000002c24ebb74a0
Event: 225.217 Thread 0x000002c2674e0c40 Thread added: 0x000002c24ebb6a80
Event: 233.824 Thread 0x000002c24ebb6a80 Thread exited: 0x000002c24ebb6a80
Event: 233.824 Thread 0x000002c24d22d890 Thread exited: 0x000002c24d22d890
Event: 233.824 Thread 0x000002c24d22bf40 Thread exited: 0x000002c24d22bf40
Event: 233.824 Thread 0x000002c24ebb6570 Thread exited: 0x000002c24ebb6570
Event: 233.824 Thread 0x000002c24ebb74a0 Thread exited: 0x000002c24ebb74a0
Event: 244.123 Thread 0x000002c207542ca0 Thread added: 0x000002c24efdd990
Event: 244.571 Thread 0x000002c24efdd990 Thread exited: 0x000002c24efdd990
Event: 244.784 Thread 0x000002c207542ca0 Thread added: 0x000002c24ef08550


Dynamic libraries:
0x00007ff7c1570000 - 0x00007ff7c157e000 	C:\Program Files\Eclipse Adoptium\jdk-17.0.20.8-hotspot\bin\java.exe
0x00007ffdf7c80000 - 0x00007ffdf7ee6000 	C:\WINDOWS\SYSTEM32\ntdll.dll
0x00007ffdf7710000 - 0x00007ffdf77d9000 	C:\WINDOWS\System32\KERNEL32.DLL
0x00007ffdf4e90000 - 0x00007ffdf528f000 	C:\WINDOWS\System32\KERNELBASE.dll
0x00007ffdf5430000 - 0x00007ffdf557c000 	C:\WINDOWS\System32\ucrtbase.dll
0x00007ffddf8e0000 - 0x00007ffddf8fe000 	C:\Program Files\Eclipse Adoptium\jdk-17.0.20.8-hotspot\bin\VCRUNTIME140.dll
0x00007ffda61a0000 - 0x00007ffda61b8000 	C:\Program Files\Eclipse Adoptium\jdk-17.0.20.8-hotspot\bin\jli.dll
0x00007ffdf6860000 - 0x00007ffdf6a26000 	C:\WINDOWS\System32\USER32.dll
0x00007ffdf5780000 - 0x00007ffdf57a7000 	C:\WINDOWS\System32\win32u.dll
0x00007ffdf6d30000 - 0x00007ffdf6d5b000 	C:\WINDOWS\System32\GDI32.dll
0x00007ffdf5650000 - 0x00007ffdf5779000 	C:\WINDOWS\System32\gdi32full.dll
0x00007ffdf5870000 - 0x00007ffdf5913000 	C:\WINDOWS\System32\msvcp_win.dll
0x00007ffdd79f0000 - 0x00007ffdd7c81000 	C:\WINDOWS\WinSxS\amd64_microsoft.windows.common-controls_6595b64144ccf1df_6.0.26100.8972_none_3e0da176e32f9d4b\COMCTL32.dll
0x00007ffdf6160000 - 0x00007ffdf6209000 	C:\WINDOWS\System32\msvcrt.dll
0x00007ffdf7c00000 - 0x00007ffdf7c32000 	C:\WINDOWS\System32\IMM32.DLL
0x0000000060660000 - 0x000000006066d000 	C:\Program Files (x86)\360\Total Security\safemon\SafeWrapper.dll
0x00007ffdf7b30000 - 0x00007ffdf7bec000 	C:\WINDOWS\System32\ADVAPI32.dll
0x00007ffdf6a40000 - 0x00007ffdf6aea000 	C:\WINDOWS\System32\sechost.dll
0x00007ffdf6640000 - 0x00007ffdf6758000 	C:\WINDOWS\System32\RPCRT4.dll
0x00007ffdf2ff0000 - 0x00007ffdf30f5000 	C:\Program Files (x86)\360\Total Security\safemon\libzdtp64.dll
0x00007ffdf59b0000 - 0x00007ffdf6138000 	C:\WINDOWS\System32\SHELL32.dll
0x00007ffdf6af0000 - 0x00007ffdf6b56000 	C:\WINDOWS\System32\SHLWAPI.dll
0x00007ffdf4950000 - 0x00007ffdf495b000 	C:\WINDOWS\SYSTEM32\VERSION.dll
0x00007ffde1b40000 - 0x00007ffde1b4c000 	C:\Program Files\Eclipse Adoptium\jdk-17.0.20.8-hotspot\bin\vcruntime140_1.dll
0x00007ffd51d90000 - 0x00007ffd51e1d000 	C:\Program Files\Eclipse Adoptium\jdk-17.0.20.8-hotspot\bin\msvcp140.dll
0x00007ffd22f80000 - 0x00007ffd23bec000 	C:\Program Files\Eclipse Adoptium\jdk-17.0.20.8-hotspot\bin\server\jvm.dll
0x00007ffdf7a00000 - 0x00007ffdf7a82000 	C:\WINDOWS\System32\WS2_32.dll
0x00007ffdf4cf0000 - 0x00007ffdf4d4e000 	C:\WINDOWS\SYSTEM32\POWRPROF.dll
0x00007ffdecb50000 - 0x00007ffdecb86000 	C:\WINDOWS\SYSTEM32\WINMM.dll
0x00007ffdf4cd0000 - 0x00007ffdf4ce5000 	C:\WINDOWS\SYSTEM32\UMPDC.dll
0x00007ffdf3b00000 - 0x00007ffdf3b1b000 	C:\WINDOWS\SYSTEM32\kernel.appcore.dll
0x00007ffdda250000 - 0x00007ffdda25a000 	C:\Program Files\Eclipse Adoptium\jdk-17.0.20.8-hotspot\bin\jimage.dll
0x00007ffdf2130000 - 0x00007ffdf2372000 	C:\WINDOWS\SYSTEM32\DBGHELP.DLL
0x00007ffdf62a0000 - 0x00007ffdf6625000 	C:\WINDOWS\System32\combase.dll
0x00007ffdf6e20000 - 0x00007ffdf6ef9000 	C:\WINDOWS\System32\OLEAUT32.dll
0x00007ffdecb10000 - 0x00007ffdecb4b000 	C:\WINDOWS\SYSTEM32\dbgcore.DLL
0x00007ffdf57b0000 - 0x00007ffdf585c000 	C:\WINDOWS\System32\bcryptPrimitives.dll
0x00007ffdda3a0000 - 0x00007ffdda3c5000 	C:\Program Files\Eclipse Adoptium\jdk-17.0.20.8-hotspot\bin\java.dll
0x00007ffd521a0000 - 0x00007ffd52277000 	C:\Program Files\Eclipse Adoptium\jdk-17.0.20.8-hotspot\bin\jsvml.dll
0x00007ffdf2750000 - 0x00007ffdf2feb000 	C:\WINDOWS\SYSTEM32\windows.storage.dll
0x00007ffdf6760000 - 0x00007ffdf6859000 	C:\WINDOWS\System32\SHCORE.dll
0x00007ffdf4db0000 - 0x00007ffdf4dd9000 	C:\WINDOWS\SYSTEM32\profapi.dll
0x00007ffdd8d00000 - 0x00007ffdd8d1a000 	C:\Program Files\Eclipse Adoptium\jdk-17.0.20.8-hotspot\bin\net.dll
0x00007ffdea7d0000 - 0x00007ffdea8f8000 	C:\WINDOWS\SYSTEM32\WINHTTP.dll
0x00007ffdf40b0000 - 0x00007ffdf411c000 	C:\WINDOWS\system32\mswsock.dll
0x00007ffdd78a0000 - 0x00007ffdd78b6000 	C:\Program Files\Eclipse Adoptium\jdk-17.0.20.8-hotspot\bin\nio.dll
0x00007ffdd6b30000 - 0x00007ffdd6b48000 	C:\Program Files\Eclipse Adoptium\jdk-17.0.20.8-hotspot\bin\zip.dll
0x00007ffda0a50000 - 0x00007ffda0a74000 	C:\Maven\apache-maven-3.9.16\lib\jansi-native\Windows\x86_64\jansi.dll
0x00007ffdd6a40000 - 0x00007ffdd6a50000 	C:\Program Files\Eclipse Adoptium\jdk-17.0.20.8-hotspot\bin\verify.dll
0x00007ffdf43a0000 - 0x00007ffdf43bb000 	C:\WINDOWS\SYSTEM32\CRYPTSP.dll
0x00007ffdf3a60000 - 0x00007ffdf3a99000 	C:\WINDOWS\system32\rsaenh.dll
0x00007ffdf4160000 - 0x00007ffdf4192000 	C:\WINDOWS\SYSTEM32\USERENV.dll
0x00007ffdf4d80000 - 0x00007ffdf4daa000 	C:\WINDOWS\SYSTEM32\bcrypt.dll
0x00007ffdf43c0000 - 0x00007ffdf43cc000 	C:\WINDOWS\SYSTEM32\CRYPTBASE.dll
0x00007ffdf3480000 - 0x00007ffdf34b3000 	C:\WINDOWS\SYSTEM32\IPHLPAPI.DLL
0x00007ffdf6a30000 - 0x00007ffdf6a3a000 	C:\WINDOWS\System32\NSI.dll
0x00007ffdeabd0000 - 0x00007ffdeabed000 	C:\WINDOWS\SYSTEM32\dhcpcsvc6.DLL
0x00007ffdeaba0000 - 0x00007ffdeabc5000 	C:\WINDOWS\SYSTEM32\dhcpcsvc.DLL
0x00007ffdf34c0000 - 0x00007ffdf3618000 	C:\WINDOWS\SYSTEM32\DNSAPI.dll
0x00007ffdf3eb0000 - 0x00007ffdf3ebd000 	C:\WINDOWS\SYSTEM32\DSPARSE.dll

dbghelp: loaded successfully - version: 4.0.5 - missing functions: none
symbol engine: initialized successfully - sym options: 0x614 - pdb path: .;C:\Program Files\Eclipse Adoptium\jdk-17.0.20.8-hotspot\bin;C:\WINDOWS\SYSTEM32;C:\WINDOWS\WinSxS\amd64_microsoft.windows.common-controls_6595b64144ccf1df_6.0.26100.8972_none_3e0da176e32f9d4b;C:\Program Files (x86)\360\Total Security\safemon;C:\Program Files\Eclipse Adoptium\jdk-17.0.20.8-hotspot\bin\server;C:\Maven\apache-maven-3.9.16\lib\jansi-native\Windows\x86_64

VM Arguments:
jvm_args: --enable-native-access=ALL-UNNAMED -Dclassworlds.conf=C:\Maven\apache-maven-3.9.16\bin\m2.conf -Dmaven.home=C:\Maven\apache-maven-3.9.16 -Dlibrary.jansi.path=C:\Maven\apache-maven-3.9.16\lib\jansi-native -Dmaven.multiModuleProjectDirectory=C:\Users\dhruv\OneDrive\Desktop\Devops-Lab-L1_2023-27\23070122091_DhruvGangurde\Project5\retail-app 
java_command: org.codehaus.plexus.classworlds.launcher.Launcher clean package
java_class_path (initial): C:\Maven\apache-maven-3.9.16\boot\plexus-classworlds-2.11.0.jar
Launcher Type: SUN_STANDARD

[Global flags]
     intx CICompilerCount                          = 4                                         {product} {ergonomic}
     uint ConcGCThreads                            = 2                                         {product} {ergonomic}
     uint G1ConcRefinementThreads                  = 8                                         {product} {ergonomic}
   size_t G1HeapRegionSize                         = 1048576                                   {product} {ergonomic}
    uintx GCDrainStackTargetSize                   = 64                                        {product} {ergonomic}
   size_t InitialHeapSize                          = 130023424                                 {product} {ergonomic}
   size_t MarkStackSize                            = 4194304                                   {product} {ergonomic}
   size_t MaxHeapSize                              = 2076180480                                {product} {ergonomic}
   size_t MaxNewSize                               = 1245708288                                {product} {ergonomic}
   size_t MinHeapDeltaBytes                        = 1048576                                   {product} {ergonomic}
   size_t MinHeapSize                              = 8388608                                   {product} {ergonomic}
    uintx NonNMethodCodeHeapSize                   = 5839372                                {pd product} {ergonomic}
    uintx NonProfiledCodeHeapSize                  = 122909434                              {pd product} {ergonomic}
    uintx ProfiledCodeHeapSize                     = 122909434                              {pd product} {ergonomic}
    uintx ReservedCodeCacheSize                    = 251658240                              {pd product} {ergonomic}
     bool SegmentedCodeCache                       = true                                      {product} {ergonomic}
   size_t SoftMaxHeapSize                          = 2076180480                             {manageable} {ergonomic}
     bool UseCompressedClassPointers               = true                           {product lp64_product} {ergonomic}
     bool UseCompressedOops                        = true                           {product lp64_product} {ergonomic}
     bool UseG1GC                                  = true                                      {product} {ergonomic}
     bool UseLargePagesIndividualAllocation        = false                                  {pd product} {ergonomic}

Logging:
Log output configuration:
 #0: stdout all=warning uptime,level,tags
 #1: stderr all=off uptime,level,tags

Environment Variables:
JAVA_HOME=C:\Program Files\Eclipse Adoptium\jdk-17.0.20.8-hotspot\
PATH=C:\Program Files\Eclipse Adoptium\jdk-17.0.20.8-hotspot\bin;C:\Program Files\Eclipse Adoptium\jdk-11.0.31.11-hotspot\bin;C:\Program Files\Eclipse Adoptium\jdk-21.0.11.10-hotspot\bin;C:\Python314\Scripts\;C:\Python314\;C:\Program Files (x86)\VMware\VMware Player\bin\;c:\Users\dhruv\AppData\Local\Programs\cursor\resources\app\bin;C:\Program Files (x86)\Google\Chrome\Application;C:\Program Files\Common Files\Oracle\Java\javapath;C:\Windows\system32;C:\Windows;C:\Windows\System32\Wbem;C:\Windows\System32\WindowsPowerShell\v1.0\;C:\Windows\System32\OpenSSH\;C:\Program Files\NVIDIA Corporation\NVIDIA NvDLISR;C:\Program Files\dotnet\;C:\MinGW\bin;C:\Program Files\MongoDB\Server\8.0\bin;C:\Program Files\MySQL\MySQL Server 8.0\bin;C:\Program Files\MySQL\MySQL Shell 8.0\bin\;C:\Users\dhruv\anaconda3;C:\Users\dhruv\anaconda3\Library\mingw-w64\bin;C:\Users\dhruv\anaconda3\Library\usr\bin;C:\Users\dhruv\anaconda3\Library\bin;C:\Users\dhruv\anaconda3\Scripts;C:\Users\dhruv\AppData\Local\Microsoft\WindowsApps;C:\Users\dhruv\AppData\Local\JetBrains\PyCharm Community Edition 2023.1.2\bin;C:\flutter\bin;C:\Program Files\JetBrains\IntelliJ IDEA Community Edition 2023.3.6\bin;C:\Use;C:\Program Files\Tesseract-OCR;C:\WINDOWS\system32;C:\WINDOWS;C:\WINDOWS\System32\Wbem;C:\WINDOWS\System32\WindowsPowerShell\v1.0\;C:\WINDOWS\System32\OpenSSH\;C:\Program Files\nodejs\;C:\ProgramData\chocolatey\bin;C:\Program Files\Git\cmd;C:\Program Files\Cloud Foundry;C:\Program Files\Docker\Docker\resources\bin;C:\apache-maven-3.9.9\bin;C:\Maven\apache-maven-3.9.16\bin;C:\Users\dhruv\AppData\Local\Programs\Microsoft VS Code\bin;C:\Users\dhruv\.dotnet\tools;C:\Users\dhruv\AppData\Local\Programs\mongosh\;C:\Users\dhruv\AppData\Local\Programs\cursor\resources\app\bin;C:\Users\dhruv\AppData\Roaming\npm;C:\bosh;C:\bosh;C:\Users\dhruv\AppData\Local\PowerToys\DSCModules\;C:\Program Files\JetBrains\IntelliJ IDEA 2026.1\bin;C:\hadoop\hadoop-3.3.6\bin;C:\hadoop\hadoop-3.3.6\sbin;C:\Python314\Scripts\;C:\Python314\;C:\Program Files (x86)\VMware\VMware Player\bin\;c:\Users\dhruv\AppData\Local\Programs\cursor\resources\app\bin;C:\Program Files (x86)\Google\Chrome\Application;C:\Program Files\Common Files\Oracle\Java\javapath;C:\Windows\system32;C:\Windows;C:\Windows\System32\Wbem;C:\Windows\System32\WindowsPowerShell\v1.0\;C:\Windows\System32\OpenSSH\;C:\Program Files\NVIDIA Corporation\NVIDIA NvDLISR;C:\Program Files\dotnet\;C:\MinGW\bin;C:\Program Files\Git\cmd;C:\Program Files\MongoDB\Server\8.0\bin;C:\Program Files\MySQL\MySQL Server 8.0\bin;C:\Program Files\MySQL\MySQL Shell 8.0\bin\;C:\Users\dhruv\anaconda3;C:\Users\dhruv\anaconda3\Library\mingw-w64\bin;C:\Users\dhruv\anaconda3\Library\usr\bin;C:\Users\dhruv\anaconda3\Library\bin;C:\Users\dhruv\anaconda3\Scripts;C:\Users\dhruv\AppData\Local\Microsoft\WindowsApps;C:\Users\dhruv\AppData\Local\JetBrains\PyCharm Community Edition 2023.1.2\bin;C:\flutter\bin;C:\Program Files\JetBrains\IntelliJ IDEA Community Edition 2023.3.6\bin;C:\Use;C:\Program Files\Tesseract-OCR;;C:\WINDOWS\system32;C:\WINDOWS;C:\WINDOWS\System32\Wbem;C:\WINDOWS\System32\WindowsPowerShell\v1.0\;C:\WINDOWS\System32\OpenSSH\;C:\Program Files\nodejs\;C:\ProgramData\chocolatey\bin;C:\Users\dhruv\AppData\Local\Programs\Microsoft VS Code\bin;C:\Users\dhruv\.dotnet\tools;C:\Users\dhruv\AppData\Local\Programs\mongosh\;C:\Users\dhruv\AppData\Local\Programs\cursor\resources\app\bin;C:\Users\dhruv\AppData\Roaming\npm;C:\bosh;C:\bosh;C:\Users\dhruv\AppData\Local\PowerToys\DSCModules\;C:\Program Files\JetBrains\IntelliJ IDEA 2026.1\bin
USERNAME=dhruv
OS=Windows_NT
PROCESSOR_IDENTIFIER=Intel64 Family 6 Model 140 Stepping 1, GenuineIntel
TMP=C:\Users\dhruv\AppData\Local\Temp
TEMP=C:\Users\dhruv\AppData\Local\Temp



Periodic native trim disabled


---------------  S Y S T E M  ---------------

OS:
 Windows 11 , 64 bit Build 26100 (10.0.26100.9168)
OS uptime: 15 days 17:13 hours
Hyper-V role detected

CPU: total 8 (initial active 8) (4 cores per cpu, 2 threads per core) family 6 model 140 stepping 1 microcode 0xb8, cx8, cmov, fxsr, ht, mmx, 3dnowpref, sse, sse2, sse3, ssse3, sse4.1, sse4.2, popcnt, lzcnt, tsc, tscinvbit, avx, avx2, aes, erms, clmul, bmi1, bmi2, adx, avx512f, avx512dq, avx512cd, avx512bw, avx512vl, sha, fma, vzeroupper, avx512_vpopcntdq, avx512_vpclmulqdq, avx512_vaes, avx512_vnni, clflush, clflushopt, clwb, avx512_vbmi2, avx512_vbmi, hv
Processor Information for all 8 processors :
  Max Mhz: 1382, Current Mhz: 1382, Mhz Limit: 1382

Memory: 4k page, system-wide physical 7914M (453M free)
TotalPageFile size 32490M (AvailPageFile size 7M)
current process WorkingSet (physical memory assigned to process): 158M, peak: 186M
current process commit charge ("private bytes"): 264M, peak: 277M

vm_info: OpenJDK 64-Bit Server VM (17.0.20+8) for windows-amd64 JRE (17.0.20+8), built on Jul 22 2026 00:41:45 by "admin" with MS VC++ 17.12 (VS2022)

END.
